2025-04-26 14:28:01 pid:224817 Workerman[test.php] received signal SIGHUP
2025-04-26 14:28:01 pid:224817 Workerman[test.php] stopping
2025-04-26 14:28:01 pid:224817 worker[none:224818] exit with status 65280
2025-04-26 14:28:01 pid:224817 Workerman[test.php] has been stopped
2025-04-27 19:53:01 pid:32864 Workerman[test.php] start in DEBUG mode
2025-04-27 19:53:04 pid:32864 Workerman[test.php] received signal SIGINT
2025-04-27 19:53:04 pid:32864 Workerman[test.php] stopping
2025-04-27 19:53:04 pid:32864 Workerman[test.php] has been stopped
2025-04-27 19:53:12 pid:32998 Workerman[test.php] start in DEBUG mode
2025-04-27 19:53:53 pid:32999 Worker[32999] process terminated
2025-04-27 19:54:02 pid:32998 Workerman[test.php] received signal SIGINT
2025-04-27 19:54:02 pid:32998 Workerman[test.php] stopping
2025-04-27 19:54:02 pid:32998 Workerman[test.php] has been stopped
2025-04-27 19:54:03 pid:33534 Workerman[test.php] start in DEBUG mode
2025-04-27 19:54:45 pid:33535 Worker[33535] process terminated
2025-04-27 19:56:07 pid:33534 Workerman[test.php] received signal SIGINT
2025-04-27 19:56:07 pid:33534 Workerman[test.php] stopping
2025-04-27 19:56:07 pid:33534 Workerman[test.php] has been stopped
2025-04-27 19:56:08 pid:34801 Workerman[test.php] start in DEBUG mode
2025-04-27 20:00:07 pid:34802 Worker[34802] process terminated
2025-04-27 20:00:14 pid:34801 Workerman[test.php] received signal SIGINT
2025-04-27 20:00:14 pid:34801 Workerman[test.php] stopping
2025-04-27 20:00:14 pid:34801 Workerman[test.php] has been stopped
2025-04-27 20:00:16 pid:37195 Workerman[test.php] start in DEBUG mode
2025-04-27 20:24:57 pid:37196 Worker[37196] process terminated
2025-04-27 20:24:57 pid:37195 worker[none:37196] exit with status 13
2025-04-27 20:31:20 pid:37195 Workerman[test.php] received signal SIGINT
2025-04-27 20:31:20 pid:37195 Workerman[test.php] stopping
2025-04-27 20:31:20 pid:37195 Workerman[test.php] has been stopped
2025-04-27 20:31:23 pid:55296 Workerman[test.php] start in DEBUG mode
2025-04-27 20:32:09 pid:55296 Workerman[test.php] received signal SIGINT
2025-04-27 20:32:09 pid:55296 Workerman[test.php] stopping
2025-04-27 20:32:11 pid:55296 worker[none:55297] exit with status 9
2025-04-27 20:32:11 pid:55296 Workerman[test.php] has been stopped
2025-04-27 20:32:12 pid:55717 Workerman[test.php] start in DEBUG mode
2025-04-27 20:34:05 pid:55717 Workerman[test.php] received signal SIGINT
2025-04-27 20:34:05 pid:55717 Workerman[test.php] stopping
2025-04-27 20:34:07 pid:55717 worker[none:55719] exit with status 9
2025-04-27 20:34:07 pid:55717 Workerman[test.php] has been stopped
2025-04-27 20:34:08 pid:56900 Workerman[test.php] start in DEBUG mode
2025-04-27 20:38:31 pid:56900 Workerman[test.php] received signal SIGINT
2025-04-27 20:38:31 pid:56900 Workerman[test.php] stopping
2025-04-27 20:38:31 pid:56900 Workerman[test.php] has been stopped
2025-04-27 20:38:34 pid:59431 Workerman[test.php] start in DEBUG mode
2025-04-27 20:40:12 pid:59431 Workerman[test.php] received signal SIGINT
2025-04-27 20:40:12 pid:59431 Workerman[test.php] stopping
2025-04-27 20:40:12 pid:59431 Workerman[test.php] has been stopped
2025-04-27 20:40:13 pid:60216 Workerman[test.php] start in DEBUG mode
2025-04-27 20:41:01 pid:60216 Workerman[test.php] received signal SIGINT
2025-04-27 20:41:01 pid:60216 Workerman[test.php] stopping
2025-04-27 20:41:01 pid:60216 Workerman[test.php] has been stopped
2025-04-27 20:41:02 pid:60577 Workerman[test.php] start in DEBUG mode
2025-04-27 20:43:54 pid:60577 Workerman[test.php] received signal SIGINT
2025-04-27 20:43:54 pid:60577 Workerman[test.php] stopping
2025-04-27 20:43:54 pid:60577 Workerman[test.php] has been stopped
2025-04-27 20:43:55 pid:62104 Workerman[test.php] start in DEBUG mode
2025-04-27 20:44:05 pid:62104 Workerman[test.php] received signal SIGINT
2025-04-27 20:44:05 pid:62104 Workerman[test.php] stopping
2025-04-27 20:44:05 pid:62104 Workerman[test.php] has been stopped
2025-04-27 20:44:05 pid:62196 Workerman[test.php] start in DEBUG mode
2025-04-27 20:46:54 pid:62196 Workerman[test.php] received signal SIGINT
2025-04-27 20:46:54 pid:62196 Workerman[test.php] stopping
2025-04-27 20:46:54 pid:62196 Workerman[test.php] has been stopped
2025-04-27 20:46:55 pid:63750 Workerman[test.php] start in DEBUG mode
